// Vitest Snapshot v1, https://vitest.dev/guide/snapshot.html

exports[`should > exported > applied 1`] = `
"
import { describe, expect, it } from 'vitest'

describe('should', () => {
  it('one', () => {
    expect(1).toEqual(1)
    expect(2).toEqual(2)
  })
})
"
`;

exports[`should > exported > delta 1`] = `
[
  [
    0,
    "
import { describe, expect, it } from 'vitest'",
  ],
  [
    -1,
    "
import type { Diff } from 'diff-match-patch'",
  ],
  [
    0,
    "

describe('should', () => {
  it('",
  ],
  [
    -1,
    "exported",
  ],
  [
    1,
    "one",
  ],
  [
    0,
    "', () => {
    expect(1).toEqual(1)
",
  ],
  [
    1,
    "    expect(2).toEqual(2)
",
  ],
  [
    0,
    "  })
})
",
  ],
]
`;

exports[`should > exported > patches 1`] = `
[
  {
    "from": 91,
    "length": 45,
    "type": "removal",
  },
  {
    "from": 89,
    "length": 8,
    "type": "removal",
  },
  {
    "from": 81,
    "text": "one",
    "type": "insert",
  },
  {
    "from": 120,
    "text": "    expect(2).toEqual(2)
",
    "type": "insert",
  },
]
`;
